---
source: lib/src/custom_resources/project.rs
expression: "&project.spec.cfg.models[0].generate_model_ingress(\"\".to_string(), None,\n            \"projectname\".to_string())?"
---
apiVersion: networking.k8s.io/v1
kind: Ingress
metadata:
  annotations:
    nginx.ingress.kubernetes.io/rewrite-target: /$2
    nginx.ingress.kubernetes.io/ssl-redirect: "false"
  labels:
    ame-model: test
  name: test
spec:
  ingressClassName: nginx
  rules:
    - host: ""
      http:
        paths:
          - backend:
              service:
                name: test
                port:
                  number: 5000
            path: /projects/projectname/models/test(/|$)(.*)
            pathType: Prefix
  tls:
    - hosts:
        - ""
      secretName: test-tls

