---
source: controller/src/project_source.rs
expression: "&projects"
---
- projectid: echo
  tasks:
    - runcommand: python echo.py myoutput
      projectid: echo
      env: ~
      image: ~
      secrets: ~
      pipeline: ~
      source:
        gitrepository: ~
        gitreference: ~
        amestoragepath: ~
      resources:
        cpu: "2"
        memory: 4Gi

